// Jest Snapshot v1, https://goo.gl/fbAQLP

exports[`renders correctly 1`] = `
<div>
  <div
    class="MuiDivider-root MuiDivider-fullWidth MuiDivider-withChildren css-1ws8119-MuiDivider-root"
    role="separator"
  >
    <span
      class="MuiDivider-wrapper css-qywfm8-MuiDivider-wrapper"
    >
      <p
        class="MuiTypography-root MuiTypography-body1 css-ahj2mt-MuiTypography-root"
      >
        LATITUDE BAND
      </p>
    </span>
  </div>
  <div
    class="MuiBox-root css-1n3sbe4"
  >
    <div
      class="MuiOutlinedInput-root MuiInputBase-root MuiInputBase-colorPrimary css-vwjx0e-MuiInputBase-root-MuiOutlinedInput-root"
    >
      <div
        aria-expanded="false"
        aria-haspopup="listbox"
        aria-labelledby="latitudeBandSelectorLabel latitudeBandSelector"
        class="MuiSelect-select MuiSelect-outlined MuiOutlinedInput-input MuiInputBase-input css-11u53oe-MuiSelect-select-MuiInputBase-input-MuiOutlinedInput-input"
        id="latitudeBandSelector"
        role="button"
        tabindex="0"
      >
        <span
          class="notranslate"
        >
          â€‹
        </span>
      </div>
      <input
        aria-hidden="true"
        class="MuiSelect-nativeInput css-yf8vq0-MuiSelect-nativeInput"
        tabindex="-1"
        value="-90,90"
      />
      <svg
        aria-hidden="true"
        class="MuiSvgIcon-root MuiSvgIcon-fontSizeMedium MuiSelect-icon MuiSelect-iconOutlined css-hfutr2-MuiSvgIcon-root-MuiSelect-icon"
        data-testid="ArrowDropDownIcon"
        focusable="false"
        viewBox="0 0 24 24"
      >
        <path
          d="M7 10l5 5 5-5z"
        />
      </svg>
      <fieldset
        aria-hidden="true"
        class="MuiOutlinedInput-notchedOutline css-1d3z3hw-MuiOutlinedInput-notchedOutline"
      >
        <legend
          class="css-173wfxe"
        >
          <span>
            LatitudeBand
          </span>
        </legend>
      </fieldset>
    </div>
  </div>
  <div
    class="MuiBox-root css-11wo1kh"
  >
    <label
      class="MuiFormControlLabel-root MuiFormControlLabel-labelPlacementEnd css-j204z7-MuiFormControlLabel-root"
    >
      <span
        class="MuiCheckbox-root MuiCheckbox-colorPrimary MuiButtonBase-root MuiCheckbox-root MuiCheckbox-colorPrimary PrivateSwitchBase-root Mui-checked css-12wnr2w-MuiButtonBase-root-MuiCheckbox-root"
      >
        <input
          checked=""
          class="PrivateSwitchBase-input css-1m9pwf3"
          data-indeterminate="false"
          type="checkbox"
        />
        <svg
          aria-hidden="true"
          class="MuiSvgIcon-root MuiSvgIcon-fontSizeMedium css-i4bv87-MuiSvgIcon-root"
          data-testid="CheckBoxIcon"
          focusable="false"
          viewBox="0 0 24 24"
        >
          <path
            d="M19 3H5c-1.11 0-2 .9-2 2v14c0 1.1.89 2 2 2h14c1.11 0 2-.9 2-2V5c0-1.1-.89-2-2-2zm-9 14l-5-5 1.41-1.41L10 14.17l7.59-7.59L19 8l-9 9z"
          />
        </svg>
        <span
          class="MuiTouchRipple-root css-8je8zh-MuiTouchRipple-root"
        />
      </span>
      <span
        class="MuiTypography-root MuiTypography-body1 MuiFormControlLabel-label css-ahj2mt-MuiTypography-root"
      >
        test1
      </span>
    </label>
    <label
      class="MuiFormControlLabel-root MuiFormControlLabel-labelPlacementEnd css-j204z7-MuiFormControlLabel-root"
    >
      <span
        class="MuiCheckbox-root MuiCheckbox-colorPrimary MuiButtonBase-root MuiCheckbox-root MuiCheckbox-colorPrimary PrivateSwitchBase-root css-12wnr2w-MuiButtonBase-root-MuiCheckbox-root"
      >
        <input
          class="PrivateSwitchBase-input css-1m9pwf3"
          data-indeterminate="false"
          type="checkbox"
        />
        <svg
          aria-hidden="true"
          class="MuiSvgIcon-root MuiSvgIcon-fontSizeMedium css-i4bv87-MuiSvgIcon-root"
          data-testid="CheckBoxOutlineBlankIcon"
          focusable="false"
          viewBox="0 0 24 24"
        >
          <path
            d="M19 5v14H5V5h14m0-2H5c-1.1 0-2 .9-2 2v14c0 1.1.9 2 2 2h14c1.1 0 2-.9 2-2V5c0-1.1-.9-2-2-2z"
          />
        </svg>
        <span
          class="MuiTouchRipple-root css-8je8zh-MuiTouchRipple-root"
        />
      </span>
      <span
        class="MuiTypography-root MuiTypography-body1 MuiFormControlLabel-label css-ahj2mt-MuiTypography-root"
      >
        test21231
      </span>
    </label>
    <label
      class="MuiFormControlLabel-root MuiFormControlLabel-labelPlacementEnd css-j204z7-MuiFormControlLabel-root"
    >
      <span
        class="MuiCheckbox-root MuiCheckbox-colorPrimary MuiButtonBase-root MuiCheckbox-root MuiCheckbox-colorPrimary PrivateSwitchBase-root css-12wnr2w-MuiButtonBase-root-MuiCheckbox-root"
      >
        <input
          class="PrivateSwitchBase-input css-1m9pwf3"
          data-indeterminate="false"
          type="checkbox"
        />
        <svg
          aria-hidden="true"
          class="MuiSvgIcon-root MuiSvgIcon-fontSizeMedium css-i4bv87-MuiSvgIcon-root"
          data-testid="CheckBoxOutlineBlankIcon"
          focusable="false"
          viewBox="0 0 24 24"
        >
          <path
            d="M19 5v14H5V5h14m0-2H5c-1.1 0-2 .9-2 2v14c0 1.1.9 2 2 2h14c1.1 0 2-.9 2-2V5c0-1.1-.9-2-2-2z"
          />
        </svg>
        <span
          class="MuiTouchRipple-root css-8je8zh-MuiTouchRipple-root"
        />
      </span>
      <span
        class="MuiTypography-root MuiTypography-body1 MuiFormControlLabel-label css-ahj2mt-MuiTypography-root"
      >
        test3123123123
      </span>
    </label>
  </div>
</div>
`;
