// Jest Snapshot v1, https://goo.gl/fbAQLP

exports[`test CookieConsentModal component rendering renders as expected 1`] = `
<body
  style="padding-right: 1024px; overflow: hidden;"
>
  <div
    aria-hidden="true"
  />
  <div
    class="MuiModal-root css-79ws1d-MuiModal-root"
    role="presentation"
  >
    <div
      aria-hidden="true"
      class="MuiBackdrop-root css-i9fmh8-MuiBackdrop-root-MuiModal-backdrop"
      style="opacity: 1; webkit-transition: opacity 225ms cubic-bezier(0.4, 0, 0.2, 1) 0ms; transition: opacity 225ms cubic-bezier(0.4, 0, 0.2, 1) 0ms;"
    />
    <div
      data-test="sentinelStart"
      tabindex="0"
    />
    <div
      class="MuiPaper-root MuiPaper-elevation MuiPaper-rounded MuiPaper-elevation1 MuiCard-root css-1xb2fui-MuiPaper-root-MuiCard-root"
      tabindex="-1"
    >
      <div
        class="MuiGrid-root MuiGrid-container MuiGrid-direction-xs-column css-1vpwcmr-MuiGrid-root"
      >
        <div
          class="MuiGrid-root MuiGrid-item css-ll0v7f-MuiGrid-root"
        >
          <svg
            fill="currentColor"
            height="100"
            stroke="currentColor"
            stroke-width="0"
            viewBox="0 0 24 24"
            width="100"
            xmlns="http://www.w3.org/2000/svg"
          >
            <path
              d="M21.598 11.064a1.006 1.006 0 0 0-.854-.172A2.938 2.938 0 0 1 20 11c-1.654 0-3-1.346-3.003-2.937.005-.034.016-.136.017-.17a.998.998 0 0 0-1.254-1.006A2.963 2.963 0 0 1 15 7c-1.654 0-3-1.346-3-3 0-.217.031-.444.099-.716a1 1 0 0 0-1.067-1.236A9.956 9.956 0 0 0 2 12c0 5.514 4.486 10 10 10s10-4.486 10-10c0-.049-.003-.097-.007-.16a1.004 1.004 0 0 0-.395-.776zM12 20c-4.411 0-8-3.589-8-8a7.962 7.962 0 0 1 6.006-7.75A5.006 5.006 0 0 0 15 9l.101-.001a5.007 5.007 0 0 0 4.837 4C19.444 16.941 16.073 20 12 20z"
            />
            <circle
              cx="12.5"
              cy="11.5"
              r="1.5"
            />
            <circle
              cx="8.5"
              cy="8.5"
              r="1.5"
            />
            <circle
              cx="7.5"
              cy="12.5"
              r="1.5"
            />
            <circle
              cx="15.5"
              cy="15.5"
              r="1.5"
            />
            <circle
              cx="10.5"
              cy="16.5"
              r="1.5"
            />
          </svg>
        </div>
        <div
          class="MuiGrid-root MuiGrid-item css-f5ifb1-MuiGrid-root"
        >
          <h3
            class="MuiTypography-root MuiTypography-h3 css-47suzj-MuiTypography-root"
          >
            <b>
              We Use Cookies!
            </b>
          </h3>
          <br />
          <p
            class="MuiTypography-root MuiTypography-body1 css-ahj2mt-MuiTypography-root"
          >
            By using this website, you automatically accept that we use cookies.
          </p>
        </div>
        <div
          class="MuiGrid-root MuiGrid-item css-lc1qsq-MuiGrid-root"
        >
          <button
            class="MuiButton-root MuiButton-outlined MuiButton-outlinedPrimary MuiButton-sizeMedium MuiButton-outlinedSizeMedium MuiButtonBase-root  css-123d5lk-MuiButtonBase-root-MuiButton-root"
            tabindex="0"
            type="button"
          >
            Disagree
            <span
              class="MuiTouchRipple-root css-8je8zh-MuiTouchRipple-root"
            />
          </button>
          <button
            class="MuiButton-root MuiButton-contained MuiButton-containedPrimary MuiButton-sizeMedium MuiButton-containedSizeMedium MuiButtonBase-root  css-sghohy-MuiButtonBase-root-MuiButton-root"
            tabindex="0"
            type="button"
          >
            Agree
            <span
              class="MuiTouchRipple-root css-8je8zh-MuiTouchRipple-root"
            />
          </button>
        </div>
      </div>
    </div>
    <div
      data-test="sentinelEnd"
      tabindex="0"
    />
  </div>
</body>
`;
