// Jest Snapshot v1, https://goo.gl/fbAQLP

exports[`Component renders correctly from config file 1`] = `
<div>
  <div
    class="MuiFormControl-root css-78me8v-MuiFormControl-root"
  >
    <div
      class="MuiOutlinedInput-root MuiInputBase-root MuiInputBase-colorPrimary MuiInputBase-formControl css-9ddj71-MuiInputBase-root-MuiOutlinedInput-root"
    >
      <div
        aria-expanded="false"
        aria-haspopup="listbox"
        aria-labelledby="locationSelectLabel locationSelect"
        class="MuiSelect-select MuiSelect-outlined MuiOutlinedInput-input MuiInputBase-input css-11u53oe-MuiSelect-select-MuiInputBase-input-MuiOutlinedInput-input"
        id="locationSelect"
        role="button"
        tabindex="0"
      >
        <span
          class="notranslate"
        >
          â€‹
        </span>
      </div>
      <input
        aria-hidden="true"
        class="MuiSelect-nativeInput css-yf8vq0-MuiSelect-nativeInput"
        tabindex="-1"
        value=""
      />
      <svg
        aria-hidden="true"
        class="MuiSvgIcon-root MuiSvgIcon-fontSizeMedium MuiSelect-icon MuiSelect-iconOutlined css-hfutr2-MuiSvgIcon-root-MuiSelect-icon"
        data-testid="ArrowDropDownIcon"
        focusable="false"
        viewBox="0 0 24 24"
      >
        <path
          d="M7 10l5 5 5-5z"
        />
      </svg>
      <fieldset
        aria-hidden="true"
        class="MuiOutlinedInput-notchedOutline css-1d3z3hw-MuiOutlinedInput-notchedOutline"
      >
        <legend
          class="css-173wfxe"
        >
          <span>
            Reference Model
          </span>
        </legend>
      </fieldset>
    </div>
    <label
      class="MuiInputLabel-root MuiInputLabel-formControl MuiInputLabel-animated MuiInputLabel-outlined MuiFormLabel-root MuiFormLabel-colorPrimary css-14s5rfu-MuiFormLabel-root-MuiInputLabel-root"
      data-shrink="false"
      id="locationSelectLabel"
    >
      Reference Model
    </label>
  </div>
  <div
    class="MuiGrid-root MuiGrid-container css-11lq3yg-MuiGrid-root"
  >
    <div
      class="MuiGrid-root MuiGrid-item MuiGrid-grid-xs-4 css-gj1fbr-MuiGrid-root"
    >
      <p
        class="MuiTypography-root MuiTypography-body1 css-ahj2mt-MuiTypography-root"
      >
        Reference year:
      </p>
    </div>
    <div
      class="MuiGrid-root MuiGrid-item MuiGrid-grid-xs-8 css-vok43g-MuiGrid-root"
    >
      <span
        class="MuiSlider-colorPrimary MuiSlider-sizeSmall MuiSlider-root MuiSlider-trackFalse css-53tbrc-MuiSlider-root"
      >
        <span
          class="MuiSlider-rail css-14pt78w-MuiSlider-rail"
        />
        <span
          class="MuiSlider-track css-1vjujtc-MuiSlider-track"
          style="left: 0%; width: 20%;"
        />
        <span
          class="MuiSlider-thumbColorPrimary MuiSlider-thumbSizeSmall MuiSlider-thumb css-14gf62f-MuiSlider-thumb"
          data-index="0"
          style="left: 20%;"
        >
          <input
            aria-orientation="horizontal"
            aria-valuemax="2100"
            aria-valuemin="1950"
            aria-valuenow="1980"
            data-index="0"
            max="2100"
            min="1950"
            step="1"
            style="border: 0px; height: 100%; margin: -1px; overflow: hidden; padding: 0px; position: absolute; white-space: nowrap; width: 100%; direction: ltr;"
            type="range"
            value="1980"
          />
          <span
            aria-hidden="true"
            class="MuiSlider-valueLabelOpen MuiSlider-valueLabel css-gdpt3b-MuiSlider-valueLabel"
          >
            <span
              class="MuiSlider-valueLabelCircle"
            >
              <span
                class="MuiSlider-valueLabelLabel"
              >
                1980
              </span>
            </span>
          </span>
        </span>
      </span>
    </div>
  </div>
</div>
`;
