// Jest Snapshot v1, https://goo.gl/fbAQLP

exports[`DownloadModal component should render correctly from config file 1`] = `null`;
