// Jest Snapshot v1, https://goo.gl/fbAQLP

exports[`renders correctly 1`] = `
<div>
  <div
    class="MuiGrid-root MuiGrid-container css-wts08w-MuiGrid-root"
  >
    <div
      class="MuiGrid-root MuiGrid-item MuiGrid-grid-xs-5 css-k3f0g4-MuiGrid-root"
    >
      <p
        class="MuiTypography-root MuiTypography-body1 css-ahj2mt-MuiTypography-root"
      >
        Reference year:
      </p>
    </div>
    <div
      class="MuiGrid-root MuiGrid-item MuiGrid-grid-xs-7 css-a0yaxr-MuiGrid-root"
    >
      <div
        class="MuiFormControl-root css-1st3y2y-MuiFormControl-root"
      >
        <div
          class="MuiFormControl-root MuiTextField-root css-1u3bzj6-MuiFormControl-root-MuiTextField-root"
        >
          <div
            class="MuiOutlinedInput-root MuiInputBase-root MuiInputBase-colorPrimary MuiInputBase-formControl MuiInputBase-sizeSmall css-9ddj71-MuiInputBase-root-MuiOutlinedInput-root"
          >
            <input
              aria-invalid="false"
              class="MuiOutlinedInput-input MuiInputBase-input MuiInputBase-inputSizeSmall css-1n4twyu-MuiInputBase-input-MuiOutlinedInput-input"
              id="outlined-basic"
              type="text"
              value="1980"
            />
            <fieldset
              aria-hidden="true"
              class="MuiOutlinedInput-notchedOutline css-1d3z3hw-MuiOutlinedInput-notchedOutline"
            >
              <legend
                class="css-nnbavb"
              >
                <span
                  class="notranslate"
                >
                  â€‹
                </span>
              </legend>
            </fieldset>
          </div>
          
        </div>
      </div>
      <div
        class="MuiFormControl-root css-1nrlq1o-MuiFormControl-root"
      >
        <span
          class="MuiCheckbox-root MuiCheckbox-colorPrimary MuiButtonBase-root MuiCheckbox-root MuiCheckbox-colorPrimary PrivateSwitchBase-root css-12wnr2w-MuiButtonBase-root-MuiCheckbox-root"
        >
          <input
            class="PrivateSwitchBase-input css-1m9pwf3"
            data-indeterminate="false"
            type="checkbox"
          />
          <svg
            aria-hidden="true"
            class="MuiSvgIcon-root MuiSvgIcon-fontSizeMedium css-i4bv87-MuiSvgIcon-root"
            data-testid="RefLineInvisibleCheckbox"
            focusable="false"
            viewBox="0 0 24 24"
          >
            <path
              d="M12 7c2.76 0 5 2.24 5 5 0 .65-.13 1.26-.36 1.83l2.92 2.92c1.51-1.26 2.7-2.89 3.43-4.75-1.73-4.39-6-7.5-11-7.5-1.4 0-2.74.25-3.98.7l2.16 2.16C10.74 7.13 11.35 7 12 7zM2 4.27l2.28 2.28.46.46C3.08 8.3 1.78 10.02 1 12c1.73 4.39 6 7.5 11 7.5 1.55 0 3.03-.3 4.38-.84l.42.42L19.73 22 21 20.73 3.27 3 2 4.27zM7.53 9.8l1.55 1.55c-.05.21-.08.43-.08.65 0 1.66 1.34 3 3 3 .22 0 .44-.03.65-.08l1.55 1.55c-.67.33-1.41.53-2.2.53-2.76 0-5-2.24-5-5 0-.79.2-1.53.53-2.2zm4.31-.78 3.15 3.15.02-.16c0-1.66-1.34-3-3-3l-.17.01z"
            />
          </svg>
          <span
            class="MuiTouchRipple-root css-8je8zh-MuiTouchRipple-root"
          />
        </span>
      </div>
    </div>
  </div>
</div>
`;
