// Jest Snapshot v1, https://goo.gl/fbAQLP

exports[`testing spinner rendering renders OK 1`] = `
<div>
  <div
    class="spinner"
  >
    <div
      class="loader"
      style="height: 5em; width: 5em;"
    />
  </div>
</div>
`;
