// Jest Snapshot v1, https://goo.gl/fbAQLP

exports[`test ModelGroupCard rendering renders correctly 1`] = `
<div>
  <div
    class="MuiPaper-root MuiPaper-elevation MuiPaper-rounded MuiPaper-elevation2 MuiCard-root css-935hc6-MuiPaper-root-MuiCard-root"
    style="margin: 5%;"
  >
    EditModelGroupModal
    <div
      class="MuiGrid-root MuiGrid-container css-11lq3yg-MuiGrid-root"
    >
      <div
        class="MuiGrid-root MuiGrid-item MuiGrid-grid-xs-2 css-1o7apob-MuiGrid-root"
      >
        <button
          aria-label="change visibility"
          class="MuiButtonBase-root MuiIconButton-root MuiIconButton-sizeMedium css-78trlr-MuiButtonBase-root-MuiIconButton-root"
          tabindex="0"
          type="button"
        >
          <svg
            aria-hidden="true"
            class="MuiSvgIcon-root MuiSvgIcon-fontSizeMedium css-i4bv87-MuiSvgIcon-root"
            data-testid="VisibilityOffIcon"
            focusable="false"
            viewBox="0 0 24 24"
          >
            <path
              d="M12 7c2.76 0 5 2.24 5 5 0 .65-.13 1.26-.36 1.83l2.92 2.92c1.51-1.26 2.7-2.89 3.43-4.75-1.73-4.39-6-7.5-11-7.5-1.4 0-2.74.25-3.98.7l2.16 2.16C10.74 7.13 11.35 7 12 7zM2 4.27l2.28 2.28.46.46C3.08 8.3 1.78 10.02 1 12c1.73 4.39 6 7.5 11 7.5 1.55 0 3.03-.3 4.38-.84l.42.42L19.73 22 21 20.73 3.27 3 2 4.27zM7.53 9.8l1.55 1.55c-.05.21-.08.43-.08.65 0 1.66 1.34 3 3 3 .22 0 .44-.03.65-.08l1.55 1.55c-.67.33-1.41.53-2.2.53-2.76 0-5-2.24-5-5 0-.79.2-1.53.53-2.2zm4.31-.78 3.15 3.15.02-.16c0-1.66-1.34-3-3-3l-.17.01z"
            />
          </svg>
          <span
            class="MuiTouchRipple-root css-8je8zh-MuiTouchRipple-root"
          />
        </button>
      </div>
      <div
        class="MuiGrid-root MuiGrid-item MuiGrid-grid-xs-8 css-epm2de-MuiGrid-root"
      >
        <h6
          class="MuiTypography-root MuiTypography-h6 css-2ulfj5-MuiTypography-root"
        >
          Example Group
        </h6>
      </div>
      <div
        class="MuiGrid-root MuiGrid-item MuiGrid-grid-xs-2 css-1o7apob-MuiGrid-root"
      >
        <button
          aria-label="edit"
          class="MuiButtonBase-root MuiIconButton-root MuiIconButton-sizeMedium css-78trlr-MuiButtonBase-root-MuiIconButton-root"
          tabindex="0"
          type="button"
        >
          <svg
            aria-hidden="true"
            class="MuiSvgIcon-root MuiSvgIcon-fontSizeMedium css-i4bv87-MuiSvgIcon-root"
            data-testid="EditIcon"
            focusable="false"
            viewBox="0 0 24 24"
          >
            <path
              d="M3 17.25V21h3.75L17.81 9.94l-3.75-3.75L3 17.25zM20.71 7.04c.39-.39.39-1.02 0-1.41l-2.34-2.34a.9959.9959 0 0 0-1.41 0l-1.83 1.83 3.75 3.75 1.83-1.83z"
            />
          </svg>
          <span
            class="MuiTouchRipple-root css-8je8zh-MuiTouchRipple-root"
          />
        </button>
      </div>
    </div>
    <hr
      class="MuiDivider-root MuiDivider-fullWidth css-9mgopn-MuiDivider-root"
    />
    <div
      class="MuiGrid-root MuiGrid-container css-m6sf28-MuiGrid-root"
    >
      <div
        class="MuiGrid-root MuiGrid-item MuiGrid-grid-xs-6 css-d83jk5-MuiGrid-root"
      >
        <label
          class="MuiFormControlLabel-root MuiFormControlLabel-labelPlacementEnd css-j204z7-MuiFormControlLabel-root"
          id="ModelGroupCoard-toggle-mean-label"
        >
          <span
            class="MuiCheckbox-root MuiCheckbox-colorPrimary MuiButtonBase-root MuiCheckbox-root MuiCheckbox-colorPrimary PrivateSwitchBase-root Mui-checked css-12wnr2w-MuiButtonBase-root-MuiCheckbox-root"
            labelid="ModelGroupCoard-toggle-mean-label"
          >
            <input
              checked=""
              class="PrivateSwitchBase-input css-1m9pwf3"
              data-indeterminate="false"
              id="ModelGroupCoard-toggle-mean-checkbox"
              type="checkbox"
            />
            <svg
              aria-hidden="true"
              class="MuiSvgIcon-root MuiSvgIcon-fontSizeMedium css-i4bv87-MuiSvgIcon-root"
              data-testid="CheckBoxIcon"
              focusable="false"
              viewBox="0 0 24 24"
            >
              <path
                d="M19 3H5c-1.11 0-2 .9-2 2v14c0 1.1.89 2 2 2h14c1.11 0 2-.9 2-2V5c0-1.1-.89-2-2-2zm-9 14l-5-5 1.41-1.41L10 14.17l7.59-7.59L19 8l-9 9z"
              />
            </svg>
            <span
              class="MuiTouchRipple-root css-8je8zh-MuiTouchRipple-root"
            />
          </span>
          <span
            class="MuiTypography-root MuiTypography-body1 MuiFormControlLabel-label css-ahj2mt-MuiTypography-root"
          >
            mean
          </span>
        </label>
      </div>
      <div
        class="MuiGrid-root MuiGrid-item MuiGrid-grid-xs-6 css-d83jk5-MuiGrid-root"
      >
        <label
          class="MuiFormControlLabel-root MuiFormControlLabel-labelPlacementEnd css-j204z7-MuiFormControlLabel-root"
          id="ModelGroupCoard-toggle-median-label"
        >
          <span
            class="MuiCheckbox-root MuiCheckbox-colorPrimary MuiButtonBase-root MuiCheckbox-root MuiCheckbox-colorPrimary PrivateSwitchBase-root Mui-checked css-12wnr2w-MuiButtonBase-root-MuiCheckbox-root"
            labelid="ModelGroupCoard-toggle-median-label"
          >
            <input
              checked=""
              class="PrivateSwitchBase-input css-1m9pwf3"
              data-indeterminate="false"
              id="ModelGroupCoard-toggle-median-checkbox"
              type="checkbox"
            />
            <svg
              aria-hidden="true"
              class="MuiSvgIcon-root MuiSvgIcon-fontSizeMedium css-i4bv87-MuiSvgIcon-root"
              data-testid="CheckBoxIcon"
              focusable="false"
              viewBox="0 0 24 24"
            >
              <path
                d="M19 3H5c-1.11 0-2 .9-2 2v14c0 1.1.89 2 2 2h14c1.11 0 2-.9 2-2V5c0-1.1-.89-2-2-2zm-9 14l-5-5 1.41-1.41L10 14.17l7.59-7.59L19 8l-9 9z"
              />
            </svg>
            <span
              class="MuiTouchRipple-root css-8je8zh-MuiTouchRipple-root"
            />
          </span>
          <span
            class="MuiTypography-root MuiTypography-body1 MuiFormControlLabel-label css-ahj2mt-MuiTypography-root"
          >
            median
          </span>
        </label>
      </div>
      <div
        class="MuiGrid-root MuiGrid-item MuiGrid-grid-xs-6 css-d83jk5-MuiGrid-root"
      >
        <label
          class="MuiFormControlLabel-root MuiFormControlLabel-labelPlacementEnd css-j204z7-MuiFormControlLabel-root"
          id="ModelGroupCoard-toggle-derivative-label"
        >
          <span
            class="MuiCheckbox-root MuiCheckbox-colorPrimary MuiButtonBase-root MuiCheckbox-root MuiCheckbox-colorPrimary PrivateSwitchBase-root Mui-checked css-12wnr2w-MuiButtonBase-root-MuiCheckbox-root"
            labelid="ModelGroupCoard-toggle-derivative-label"
          >
            <input
              checked=""
              class="PrivateSwitchBase-input css-1m9pwf3"
              data-indeterminate="false"
              id="ModelGroupCoard-toggle-derivative-checkbox"
              type="checkbox"
            />
            <svg
              aria-hidden="true"
              class="MuiSvgIcon-root MuiSvgIcon-fontSizeMedium css-i4bv87-MuiSvgIcon-root"
              data-testid="CheckBoxIcon"
              focusable="false"
              viewBox="0 0 24 24"
            >
              <path
                d="M19 3H5c-1.11 0-2 .9-2 2v14c0 1.1.89 2 2 2h14c1.11 0 2-.9 2-2V5c0-1.1-.89-2-2-2zm-9 14l-5-5 1.41-1.41L10 14.17l7.59-7.59L19 8l-9 9z"
              />
            </svg>
            <span
              class="MuiTouchRipple-root css-8je8zh-MuiTouchRipple-root"
            />
          </span>
          <span
            class="MuiTypography-root MuiTypography-body1 MuiFormControlLabel-label css-ahj2mt-MuiTypography-root"
          >
            derivative
          </span>
        </label>
      </div>
      <div
        class="MuiGrid-root MuiGrid-item MuiGrid-grid-xs-6 css-d83jk5-MuiGrid-root"
      >
        <label
          class="MuiFormControlLabel-root MuiFormControlLabel-labelPlacementEnd css-j204z7-MuiFormControlLabel-root"
          id="ModelGroupCoard-toggle-percentile-label"
        >
          <span
            class="MuiCheckbox-root MuiCheckbox-colorPrimary MuiButtonBase-root MuiCheckbox-root MuiCheckbox-colorPrimary PrivateSwitchBase-root Mui-checked css-12wnr2w-MuiButtonBase-root-MuiCheckbox-root"
            labelid="ModelGroupCoard-toggle-percentile-label"
          >
            <input
              checked=""
              class="PrivateSwitchBase-input css-1m9pwf3"
              data-indeterminate="false"
              id="ModelGroupCoard-toggle-percentile-checkbox"
              type="checkbox"
            />
            <svg
              aria-hidden="true"
              class="MuiSvgIcon-root MuiSvgIcon-fontSizeMedium css-i4bv87-MuiSvgIcon-root"
              data-testid="CheckBoxIcon"
              focusable="false"
              viewBox="0 0 24 24"
            >
              <path
                d="M19 3H5c-1.11 0-2 .9-2 2v14c0 1.1.89 2 2 2h14c1.11 0 2-.9 2-2V5c0-1.1-.89-2-2-2zm-9 14l-5-5 1.41-1.41L10 14.17l7.59-7.59L19 8l-9 9z"
              />
            </svg>
            <span
              class="MuiTouchRipple-root css-8je8zh-MuiTouchRipple-root"
            />
          </span>
          <span
            class="MuiTypography-root MuiTypography-body1 MuiFormControlLabel-label css-ahj2mt-MuiTypography-root"
          >
            percentile
          </span>
        </label>
      </div>
    </div>
  </div>
  <button
    class="MuiButton-root MuiButton-contained MuiButton-containedPrimary MuiButton-sizeMedium MuiButton-containedSizeMedium MuiButtonBase-root  css-1fu7jd5-MuiButtonBase-root-MuiButton-root"
    data-testid="ModelGroupConfigurator-addModelGroup-button"
    tabindex="0"
    type="button"
  >
    Add Model Group
    <span
      class="MuiTouchRipple-root css-8je8zh-MuiTouchRipple-root"
    />
  </button>
</div>
`;
