// Jest Snapshot v1, https://goo.gl/fbAQLP

exports[`test EditModelGroupModal rendering renders correctly when open 1`] = `
<div
  aria-hidden="true"
/>
`;
