// Jest Snapshot v1, https://goo.gl/fbAQLP

exports[`ErrorMessageModal component should render correctly from config file 1`] = `null`;
